ex1-8.h:28:6:display7SEG	24	static
ex1-8.h:137:6:ledNum	16	static
ex1-8.h:182:6:update7SEG	16	static
ex1-8.h:235:6:updateClockBuffer	4	static
ex1-8.h:249:6:setTimer0	16	static
ex1-8.h:253:6:setTimer1	16	static
ex1-8.h:257:6:timer0_run	4	static
ex1-8.h:263:6:timer1_run	4	static
ex1-8.h:269:6:HAL_TIM_PeriodElapsedCallback	16	static
main.c:66:5:main	8	static
main.c:133:6:SystemClock_Config	72	static
main.c:169:13:MX_TIM2_Init	32	static
main.c:214:13:MX_GPIO_Init	32	static
main.c:258:6:Error_Handler	4	static,ignoring_inline_asm
