ex3.h:33:6:ver_setup_init	8	static
ex3.h:40:6:ver_phase2	8	static
ex3.h:46:6:ver_phase3	8	static
ex3.h:53:6:ver_phase1	8	static
ex3.h:63:6:hor_setup_init	8	static
ex3.h:69:6:hor_phase2	8	static
ex3.h:77:6:hor_phase3	8	static
ex3.h:85:6:hor_phase1	8	static
ex3.h:93:6:exercise_3	8	static
ex4.h:27:6:display7SEG	24	static
ex5.h:15:6:display7SEG_2	24	static
ex5.h:22:6:exercise_5	8	static
main.c:65:5:main	8	static
main.c:115:6:SystemClock_Config	72	static
main.c:151:13:MX_GPIO_Init	32	static
main.c:204:6:Error_Handler	4	static,ignoring_inline_asm
